// Jest Snapshot v1, https://goo.gl/fbAQLP

exports[`Default configuration exposes the correct default configuration 1`] = `
"module.exports = {
  files: [],
  transformers: [],
  output: []
}
"
`;
