// Jest Snapshot v1, https://goo.gl/fbAQLP

exports[`FileType exposes the correct enum 1`] = `
Object {
  "Asm": ".asm.js",
  "JavaScript": ".js",
  "TypeScript": ".ts",
  "Wat": ".wat",
  "WebAssembly": ".wasm",
}
`;
