// Jest Snapshot v1, https://goo.gl/fbAQLP

exports[`Format exposes the correct enum 1`] = `
Object {
  "Any": "Any",
  "Asm": "Asm",
  "AssemblyScript": "AssemblyScript",
  "Flow": "Flow",
  "JSDoc": "JSDoc",
  "TypeScript": "TypeScript",
  "Wat": "Wat",
  "WebAssembly": "WebAssembly",
}
`;
