// Jest Snapshot v1, https://goo.gl/fbAQLP

exports[`rule: $Exact produces a correctly formated warning 1`] = `
"
  [33mwarning[39m [2m$Exact types can't be expressed in TypeScript.[22m

    [2mtype A<B> = [22m[31m$Exact<B>;[39m
  
  [2mat:[22m [36minput.js:4:14[39m
  [2missue:[22m [36mhttps://github.com/Microsoft/TypeScript/issues/12936[39m

"
`;
