// Jest Snapshot v1, https://goo.gl/fbAQLP

exports[`rule: Variance produces a correctly formated warning 1`] = `
"
  [33mwarning[39m [2mContravariance can't be expressed in TypeScript.[22m

    [31m-b: number[39m
  
  [2mat:[22m [36minput.js:6:4[39m
  [2missue:[22m [36mhttps://github.com/Microsoft/TypeScript/issues/1394[39m

"
`;
