// Jest Snapshot v1, https://goo.gl/fbAQLP

exports[`rule: NoAny throws an error that warns about the use of any 1`] = `"Found incompatible syntax"`;
