// Jest Snapshot v1, https://goo.gl/fbAQLP

exports[`rule: NoUndefined throws an error that warns about the use of undefined 1`] = `"Found incompatible syntax"`;
