// Jest Snapshot v1, https://goo.gl/fbAQLP

exports[`getPluginsForFileType throws an error for file types that are not yet supported 1`] = `"File type WebAssembly is not supported"`;
