// Jest Snapshot v1, https://goo.gl/fbAQLP

exports[`createConfig creates a new config file 1`] = `
Array [
  Array [
    "root-path/esmbly.config.js",
    "module.exports = {
	input: [
		'**/*.js'
	],
	output: [
		'wasm'
	],
	transformers: [
		{
			format: {
				files: [
					'Flow'
				],
				input: 'Any',
				output: 'Flow'
			},
			transform: transform(trees) {
            trees.forEach((tree) => {
                traverse_1.default(tree.tree, {
                    FunctionDeclaration: (path) => {
                        if (!path.node.id) {
                            return;
                        }
                        if (path.node.id.name === 'foo') {
                            path.node.id.name = 'bar';
                        }
                    },
                });
            });
        }
		}
	]
}
",
    Object {
      "overwrite": false,
    },
  ],
]
`;

exports[`createConfig creates a new config file with default values when passing the default option 1`] = `
Array [
  Array [
    "root-path/esmbly.config.js",
    "module.exports = {
  files: [],
  transformers: [],
  output: []
}
",
    Object {
      "overwrite": false,
    },
  ],
]
`;

exports[`createConfig throws an error if there already is a config file 1`] = `"Config root-path/esmbly.config.js already exists. Remove that file first."`;

exports[`getTemplateConfig resolves to the correct template config 1`] = `Promise {}`;
