// Jest Snapshot v1, https://goo.gl/fbAQLP

exports[`promptForConfig asks the correct questions 1`] = `
Array [
  Array [
    Array [
      Object {
        "message": "Which files do you want to transform?",
        "name": "input",
        "type": "input",
      },
    ],
  ],
  Array [
    Array [
      Object {
        "choices": Array [
          "flow",
          "wasm",
        ],
        "message": "Which transformer do you want to use?",
        "name": "transformers",
        "type": "checkbox",
      },
    ],
  ],
  Array [
    Array [
      Object {
        "choices": Array [
          "TypeScript",
          "WebAssembly",
        ],
        "message": "Which output formats to you want to use?",
        "name": "output",
        "type": "checkbox",
      },
    ],
  ],
]
`;
