// Jest Snapshot v1, https://goo.gl/fbAQLP

exports[`validateRunConfigRunConfig throws an error if a output format is not supported 1`] = `"Output format: \\"Unknown type\\" is not supported."`;

exports[`validateRunConfigRunConfig throws an error if a transformer is not a function 1`] = `"[object Object].run() is not a function."`;

exports[`validateRunConfigRunConfig throws an error if config object is missing 1`] = `
"Please provide a valid configuration object.
    {
      input: File[];
      transformers: Transformer[];
      output: Output[];
    }
  "
`;

exports[`validateRunConfigRunConfig throws an error if no files are provided 1`] = `"Please specify at least one file to transform."`;

exports[`validateRunConfigRunConfig throws an error if no output formats are provided 1`] = `"Please specify at least one output format."`;

exports[`validateRunConfigRunConfig throws an error if no transformers are provided 1`] = `"Please specify at least one transformer."`;
