// Jest Snapshot v1, https://goo.gl/fbAQLP

exports[`run returns an array of files to be outputted 1`] = `
Array [
  Object {
    "content": "function bar() { return 1; }",
    "dir": "/",
    "name": "fileA",
    "outputOptions": Object {
      "format": "Flow",
    },
    "type": ".js",
  },
  Object {
    "content": "function test() { return 2; }",
    "dir": "/dir",
    "name": "fileB",
    "outputOptions": Object {
      "format": "Flow",
    },
    "type": ".js",
  },
]
`;
