// Jest Snapshot v1, https://goo.gl/fbAQLP

exports[`validate throws an error if config object is missing 1`] = `
"Please provide a valid configuration object.
    {
      input: File[];
      transformers: Transformer[];
      output: Output[];
    }
  "
`;

exports[`validate throws an error if no files are provided 1`] = `"Please specify at least one file to transform."`;

exports[`validate throws an error if no output formats are provided 1`] = `"Please specify at least one output format."`;

exports[`validate throws an error if no transformers are provided 1`] = `"Please specify at least one transformer."`;
