// Jest Snapshot v1, https://goo.gl/fbAQLP

exports[`Init exposes the correct help information 1`] = `
"processChild.js init

Create an esmbly configuration file

Options:
  --default  Use default configuration                [boolean] [default: false]
  --help     Show help                                                 [boolean]"
`;
