// Jest Snapshot v1, https://goo.gl/fbAQLP

exports[`Run exposes the correct help information 1`] = `
"esmbly run

Run Esmbly

Options:
  --config, -c        Configuration file path                           [string]
  --silent            Silence output to the console   [boolean] [default: false]
  --input, -i         The files you want to transform                    [array]
  --transformers, -t  The transformer you want to use                    [array]
  --output, -o        The output formats you want to use                 [array]
  --dry-run           Run transformations without outputting any files [boolean]
  --print-config      Print configuration and then abort               [boolean]
  --help              Show help                                        [boolean]"
`;
